{"config":{"lang":["en"],"prebuild_index":false,"separator":"[\\s\\-]+"},"docs":[{"location":"page_with_plugin.html","text":"Page with Plugin {{{user-defined-values}}} List ec2 instances for a region aws ec2 describe-instances --output table --region YOUR_AWS_REGION","title":"Page with Plugin"},{"location":"page_with_plugin.html#page-with-plugin","text":"{{{user-defined-values}}}","title":"Page with Plugin"},{"location":"page_with_plugin.html#list-ec2-instances-for-a-region","text":"aws ec2 describe-instances --output table --region YOUR_AWS_REGION","title":"List ec2 instances for a region"},{"location":"page_without_plugin.html","text":"Page without Plugin List ec2 instances for a region aws ec2 describe-instances --output table --region YOUR_AWS_REGION","title":"Page without Plugin"},{"location":"page_without_plugin.html#page-without-plugin","text":"","title":"Page without Plugin"},{"location":"page_without_plugin.html#list-ec2-instances-for-a-region","text":"aws ec2 describe-instances --output table --region YOUR_AWS_REGION","title":"List ec2 instances for a region"}]}